20160907 02:03:42 : 700efde0df4ba17aa7d85ccdf8a6da24 cnodeconnect


20160907 02:07:30 : 3e8bc26c9a271ad91d1561ca26fd8fe0 cnodeconnect


20160907 02:10:24 : b063941424e882a121807c10f0c6f09f cnodeconnect


20160907 02:13:00 : e337e3c292960fa54610b608450e8b0c cnodeconnect


20160907 02:13:56 : 87e46a262a6e41bcf0b574689f94ac46 cnodeconnect


20160907 03:00:09 : c2734e553af28901e95c5a64711b0886 cnodeconnect


20160907 03:41:22 : 57e75cddff2d96fc321975473532712b cnodeconnect


20160907 04:24:00 : 0c9506e272417603440933282992cce5 cnodeconnect


20160907 19:33:17 : 314a0537ffd30661dbb95792896f8ce5 cnodeconnect


20160907 19:35:24 : c7984cf809bb1f994881577006651900 cnodeconnect


20160907 19:42:56 : 8f82b0310e9d6b11c7e2ded934ba7ce0 cnodeconnect


20160907 19:44:58 : ae0da49d932219a00ee9268fac5ffcdf cnodeconnect


20160907 21:05:35 : c18c779eac6264a1f2f5cc078ca1abae cnodeconnect


20160907 22:47:40 : 9bc45fcdab57cc6fd9573e31f8877979 cnodeconnect


20160907 22:52:50 : 15b832ef9171e57d042c96d3184f549b cnodeconnect


20160907 22:57:48 : 4b49f71e97ce7f757edca42aded32a4b cnodeconnect


20160907 23:25:45 : e25cab4ce4951e47b4c86de87798eb91 cnodeconnect


20160907 23:30:13 : 0c0f588e572c7f2c145b99d17e88629e cnodeconnect


20160907 23:30:17 : 5fb395f6650fb8fabacbe69bd9f376f6 cnodeconnect


20160907 23:31:47 : 3734cf33d496478ad4283ed6cd0c9015 cnodeconnect


20160907 23:36:25 : bedddb16fb28f1b2cbb2649e430392e6 cnodeconnect


20160907 23:45:09 : d3c53f08cdf6967a3c2ccea91e1c2ae4 cnodeconnect


20160907 23:53:12 : c3d8c8f111d90052fd08ae9415cdf960 cnodeconnect


20160908 00:03:06 : f6229c78dd5b1c3af9433c17a55cf5d2 cnodeconnect


20160908 00:29:02 : 58bbc9f392d479e6c1bcab93839a3885 cnodeconnect


20160908 00:53:58 : 1b9b6e84a606672928926ccc5b45c2ac cnodeconnect


20160908 01:40:14 : 2aa1eacce02c7fefee5d16bc70f37126 cnodeconnect


20160908 01:40:26 : 9d6ca33d25813b41d618ced752d4ebaf cnodeconnect


20160908 01:44:00 : 8d1978c9d758cb01c2f6098a6cb7dfc0 cnodeconnect


20160908 01:55:09 : 66e486402b25f8eb08dcf3ce84299619 cnodeconnect


20160908 01:59:16 : 53e012993c75d900dec1df21696e5639 cnodeconnect


20160908 02:00:58 : da1a9123f65d67157026a7c82d66fecb cnodeconnect


20160908 02:02:01 : b5851f17138cd35c323d33fa7f224d58 cnodeconnect


20160908 02:03:48 : f3f3d5d740ba14189177b94abdaed65d cnodeconnect


20160908 02:13:01 : ec75753fc5107221d6e38d70d664fe46 cnodeconnect


20160908 02:18:29 : c62b925cb6895460d7c22ba1123d48f6 cnodeconnect


20160908 02:19:55 : e510a29f31ae834956b5e4e7bcfa249f cnodeconnect


20160908 02:22:53 : a6942177ecb280c0a1f53312932f7cf9 cnodeconnect


20160908 02:30:41 : db6bc5013e4ef20763e4904e1fefce14 cnodeconnect


20160908 02:35:43 : d3317f567981fbc7ae161f67ad485826 cnodeconnect


20160908 02:57:10 : 204919278e8885add152253c5cf56c8b cnodeconnect


20160908 03:02:00 : a51e54bac478d3ead45076325f347b59 cnodeconnect


20160908 03:12:39 : 35904b9187f3ed79c48b228036505529 cnodeconnect


20160908 04:05:46 : fb4f2ae13217d6ac9a0fff218da5d181 cnodeconnect


20160908 04:11:04 : a40eed8040a9020c88916343b4e60c17 cnodeconnect


20160908 04:13:15 : 119876f6d9d893e3e6485d4341f8417e cnodeconnect


20160908 04:14:57 : 36122f24b7078ba961553de66217633b cnodeconnect


20160908 04:15:58 : 1caa60c859f1b710b834ec983ab46858 cnodeconnect


20160908 04:20:11 : dbf6b55a3db081a58983c20e3c856634 cnodeconnect


20160908 04:26:22 : cda59093dd6eed7fe638b493c22a6e12 cnodeconnect


20160908 04:27:21 : 2651985047face6724099fd9d0da08eb cnodeconnect


20160908 04:34:25 : dbc6c9594e3e377cb28959dda4bc5be2 cnodeconnect


20160908 04:39:30 : 08e7eb8dbbe00de7c9128a44cc8be3e8 cnodeconnect


20160908 04:41:43 : c42cedc25d20eb8a1d81d567618ffb4b cnodeconnect


20160908 04:46:37 : 3137d758b02b5e8e6b772af9eb261f9a cnodeconnect


20160908 04:50:25 : 66d6e4448887223c642b3e3b545e98c4 cnodeconnect


20160908 04:52:00 : e8e1227df2ce37df724bff5e5ef28802 cnodeconnect


20160908 04:57:44 : 474f0962921d60bb8e8ddfc1e00f1672 cnodeconnect


20160908 21:52:36 : d6f78294d750d1ef2065c9f5e7fa0079 cnodeconnect


20160908 21:55:06 : 3e5971f641d86ec6ba4df1700487f977 cnodeconnect


20160908 21:59:30 : e7b4bfcf02c598f2090ebb166189e007 cnodeconnect


20160908 22:40:29 : 66fc9e6063aebd3c53cea3e749395852 cnodeconnect


20160908 22:45:46 : 2f5bbffdd063be2a698f1353e1538e20 cnodeconnect


20160908 22:59:55 : bf4c212920348e88dbc4f598bf75e3bc cnodeconnect


20160909 00:02:12 : 52d5e8d069f4c33b23452f158f0d3f25 cnodeconnect


20160909 00:16:58 : 8f65dd5a8f2092f7eb5a7f1daf0570bb cnodeconnect


20160909 00:27:53 : c9ca17960aa3f6e1e97284288497bc24 cnodeconnect


20160909 00:53:47 : 03d5afbd40b4b977fd109ba1ddcfab64 cnodeconnect


20160909 00:59:58 : 02e5e81e031086b6dbdd4eae58335cea cnodeconnect


20160909 01:04:52 : fe09a93c39be609c555889fcc1605db4 cnodeconnect


20160909 01:07:54 : ad9caaac81a20e69755079971f189ec0 cnodeconnect


20160909 01:12:01 : ea3d2df19c8f06927a8c91fccaf65d8f cnodeconnect


20160909 01:22:05 : e00a1a6a44fa242440344c9b7ede3eff cnodeconnect


20160909 01:23:06 : d4e9ed59a8ad830074a1d807b341076b cnodeconnect


20160909 01:26:33 : e2468fc9b43e0cda34cbeeb618b3c237 cnodeconnect


20160909 01:30:44 : bba3474c4241a4125489d57e34ab463d cnodeconnect


20160909 01:56:00 : bc902264706813bef7b72cae77a2b691 cnodeconnect


20160909 02:01:53 : 9573efb2c069599ddff4903f12ff8e80 cnodeconnect


20160909 02:06:56 : b95a59bb85aa35fadeafa74f242cce99 cnodeconnect


20160909 02:16:03 : 4581da64699a6742540df348578c8cec cnodeconnect


20160909 02:21:49 : d288273f70a4aea386c058616b087408 cnodeconnect


20160909 02:24:21 : be586b9ae2a418b9887dc8564998a551 cnodeconnect


20160909 02:25:59 : ea6a59a19f9fca39e407f8b189583225 cnodeconnect


20160912 01:10:12 : 324a48539676996efd893d534907667c cnodeconnect


20160912 01:23:45 : 95e82f1f8adf5c7e05ab89e29a0b31bd cnodeconnect


20160912 01:24:05 : ee40e9bf3dad15bc7f36cccc7a0cbfbc cnodeconnect


20160912 02:47:29 : 80d238311fc76c7cf467f7d651d65266 cnodeconnect


20160912 02:47:37 : d3c5eb9441ed0d5ac3114501ac5bd8c9 cnodeconnect


20160912 02:48:04 : 26c4f74967e0bf43fe6565f2a7b49b79 cnodeconnect


20160912 02:48:30 : a6bf2878312d37b87642089d49c20e45 cnodeconnect


20160912 03:00:48 : b0bec81456862a253d6f43f8a2c387ed cnodeconnect


20160912 03:01:00 : 40118e8f9e9256c485b5740299adee18 cnodeconnect


20160912 03:04:54 : 018c5639d124c9761830a44485d9c4b2 cnodeconnect


20160912 03:05:18 : e391bf50fe1e80e84c1fe911fb8dfa39 cnodeconnect


20160912 03:18:28 : 593fef1b36a12ebeed582d90b6f89dbe cnodeconnect


20160912 03:22:29 : 595275f1ba83196b8b69649360864917 cnodeconnect


20160912 03:24:28 : 88005ef65566dcc1cfc70c3d598be698 cnodeconnect


20160912 03:27:20 : a62f31261c82f670d10af7abecfc09eb cnodeconnect


20160912 03:44:47 : b5b67288670eb18090c8b426191d5c95 cnodeconnect


20160912 03:48:35 : 7b0c66a0f87f422a468f32273d99b6d7 cnodeconnect


20160912 03:49:48 : d599f3ad1d6c81c66a2e1619fbab79fa cnodeconnect


20160912 03:50:46 : 90dad27ae30401cd138bfc286388e655 cnodeconnect


20160912 03:52:06 : f749ffcee53449365dfc0d7b9cb356fb cnodeconnect


20160912 03:55:51 : 1409a39291c58c956200edbe17a76419 cnodeconnect


20160912 04:08:39 : 54aa6bdb634cdb35eb67ebe7ecb41422 cnodeconnect


20160912 04:11:23 : 1b302ae0a74451d63b80a63f570a21de cnodeconnect


20160912 04:13:17 : 9382e2aab02d5638c2e8c96fb4523abb cnodeconnect


20160912 19:59:37 : 8d2cc3dd05ad50f97439404b03ca7f6a cnodeconnect


20160912 20:00:17 : c4ab23cf82f320ab527a06e83cbb9eb9 cnodeconnect


20160912 21:14:59 : 07e7780508c47eabb08e20c16dd79e61 cnodeconnect


20160912 21:15:06 : 3c3ff32f98bf87c04fa0b7129ca9d553 cnodeconnect


20160912 22:39:01 : 9cc5e9b0d18a7cdb8f30d286a7e5c285 cnodeconnect


20160912 22:42:03 : 04473a4e4643e5af982cf36b52b01e20 cnodeconnect


20160912 22:45:12 : 280c6b2dc33cf048e2f96e89a55ab7c7 cnodeconnect


20160912 22:52:12 : 0f7a101e079a6f6ab439e61e140392ad cnodeconnect


20160912 23:15:00 : b1cf55fbda579c9ee53e6d3c36f0814e cnodeconnect


20160912 23:26:37 : c110ed4bfa5bd53bcc459ed951a5a54c cnodeconnect


20160912 23:33:43 : cdd90733424497a05328b6d7d6d6fcd8 cnodeconnect


20160912 23:37:02 : 4edcd1856c168645e524534d1932b653 cnodeconnect


20160912 23:41:56 : a31c25d064830e06c856a7cf85d08754 cnodeconnect


20160912 23:42:21 : 61e79bd4bebd5567d95f138e76753789 cnodeconnect


20160912 23:45:43 : aac6a53f3a655410aa8057d6d76d24a3 cnodeconnect


20160913 00:09:08 : 7c7b1403e7419b3f426690303301190d cnodeconnect


20160913 00:10:11 : 7c7b1403e7419b3f426690303301190d cnodeconnect


20160913 00:11:02 : b704806ad6323becbba90224f8625aab cnodeconnect


20160913 00:12:08 : c60db8632b9ce56b5dd0617f2952c344 cnodeconnect


20160913 00:13:48 : 949c430ef6f3c57cedaf406061a8a6a7 cnodeconnect


20160913 00:59:16 : 19418487ff215b800fdace8624be554a cnodeconnect


20160913 01:03:59 : 867cc56b8ce94923f15d5b6a8945844c cnodeconnect


20160913 01:08:32 : ab95d7c1094143a293ce23049aa6c9ff cnodeconnect


20160913 01:46:55 : 47791d429c888aa2cf8a8cb200c89655 cnodeconnect


20160913 01:48:04 : 47791d429c888aa2cf8a8cb200c89655 cnodeconnect


20160913 01:49:18 : 47791d429c888aa2cf8a8cb200c89655 cnodeconnect


20160913 02:12:39 : 0c1c2b99d6240f071fdcff1f5cf9fc25 cnodeconnect


20160913 02:20:15 : 8a788621fc5fc6cff48f0aaa8bc4ba9b cnodeconnect


20160913 02:55:32 : 417485e99a5e3c11b19b9b63aeda59e4 cnodeconnect


20160920 19:26:57 : 4a835dac4c5946e5cf4a4c80898718cb cnodeconnect


20160921 00:15:24 : 56d32f728ee5b0521791d40445f08573 cnodeconnect


20160921 00:16:32 : e952ceccf0d185d4aa074b88f2d5ff17 cnodeconnect


20160921 03:33:39 : 67d4669068448aab2195f067125b7ce9 cnodeconnect


20160921 03:40:20 : 3b57bc5b9449de3acb3088015274b1e4 cnodeconnect


20160921 03:41:39 : bea2912d5afc55938499dde08be1a612 cnodeconnect


20160921 03:44:15 : 63eac11f0251311b462fe391d50404c8 cnodeconnect


20160921 03:44:54 : ee8525e32dceb97d0daf3ea19906c810 cnodeconnect


20160921 03:47:04 : 94eb940cc1813b261b369abae3f82df7 cnodeconnect


20160921 03:52:16 : ccc739e8f589a0eee86ae46f9ce8c26a cnodeconnect


20160921 03:53:49 : 745e46c403a2d7d64a0f2daabc214f33 cnodeconnect


20160921 03:55:08 : 0a7c4bd83582d35e4cabb6f7701001f2 cnodeconnect


20160921 03:56:37 : 267f0cbbc170aa5256372245d8bf4d6c cnodeconnect


20160921 04:07:51 : 39a4005894add8153ff13432aa346105 cnodeconnect


20160921 18:43:13 : bc2dc661132a6e256290c2d51532f057 cnodeconnect


20160921 23:23:38 : b1eeff6178ffe4a7d00d29a7dc0d980c cnodeconnect


20160922 02:00:12 : 281a7f382c8ed9df137756c5f307bfa4 cnodeconnect


20160922 02:11:49 : 9178ccc243682e523c905b5ac6f8d640 cnodeconnect


20160922 18:38:45 : a3352b40189c4e8affa61dfb88a4dfb3 cnodeconnect


20160922 18:38:54 : 4d2ad4cfe504f944abf6711e2173ac08 cnodeconnect


20160922 18:47:28 : fbb8adeea99c0204a1b837694b6f7b1f cnodeconnect


20160922 18:49:00 : 202bc4a3f5c154e97c4e89485e388c2e cnodeconnect


20160922 18:51:00 : 9ea7777e9826fe9becfb6180ca998ccd cnodeconnect


20160922 18:51:07 : 8dad4c2b74548bd57e6fd08026c0f4ad cnodeconnect


20160922 19:20:56 : 5306b67aa2daf470459d785fc5e56a9a cnodeconnect


20160922 19:32:04 : 80633dc9f6e485a64cbcc52f67a002d1 cnodeconnect


20160922 19:32:18 : f7de854c4c25cd9587c2347605d068d6 cnodeconnect


20160922 19:33:23 : cb0a5fb33f9ffe82d9b4ef64bbf59e90 cnodeconnect


20160922 20:18:54 : 9d4e47e938dc7f3ed0e1ca6802a50370 cnodeconnect


20160923 00:36:57 : 86d7eac4c15309404debf0184aab6a0f cnodeconnect


20160923 00:41:23 : 1de4def35343f4e57907295260750599 cnodeconnect


20160923 01:01:31 : a1a2eff87e5f1847c7d1f7b38e8ab16b cnodeconnect


20160923 01:38:29 : 9fcaf6bfcaa96a799647e52cc0574643 cnodeconnect


20160923 01:38:45 : d4e30cd382e31cd4c393b879dede2709 cnodeconnect


20160923 02:01:16 : 8099086e6a6ec60ad7da3f66b6efbeb2 cnodeconnect


20160923 02:06:40 : 95af759c6571cb5e769481edb865e478 cnodeconnect


20160923 02:14:13 : f695fccea7b614e8fb97d778842a08da cnodeconnect


20160923 02:37:15 : 79b0eb1da4306af98beb4c04b2c25ecb cnodeconnect


20160923 02:41:39 : ae7efcef033fb1eba81173e4f8274545 cnodeconnect


20160923 02:43:03 : b9b2b087700e5ebfffd1d80cb1b9d9b6 cnodeconnect


20160923 03:03:14 : 9149fc8aacd9e2cfaddc6df617576c28 cnodeconnect


20160925 19:05:00 : f459b6e7d848e8639fe04898b9ca2c78 cnodeconnect


20160925 19:05:07 : e4260f6f06fab08f9faf51fb8ec39533 cnodeconnect


20160925 19:10:58 : 3d5340761cd48a346ae9210e29579430 cnodeconnect


20160925 19:38:54 : 1c3472d2bfc5bbe8e1a7b57ba4c1027d cnodeconnect


20160925 20:19:16 : 7906067c58776dd32feea7490c96aab5 cnodeconnect


20160925 20:48:16 : e26dbe260fa20159879f79c32c6c35f9 cnodeconnect


20160925 21:09:24 : e5ce439e680f17f87c053481d7021571 cnodeconnect


20160925 23:05:26 : b7c3c3652863b9b9820f9387b5e86c0e cnodeconnect


20160925 23:06:32 : f5645c39fa55ab7a3fbaeb7fc798395d cnodeconnect


20160925 23:13:21 : 24f02a5c0653b659a072e26813b2b062 cnodeconnect


20160925 23:57:09 : 8238a868dfa288e38f46022fb536cdee cnodeconnect


20160926 00:05:55 : d87b3b5ea06495ba5e06defb23d55ab8 cnodeconnect


20160926 00:22:08 : f623380f15a96fabb133b258e1ff1539 cnodeconnect


20160926 00:49:19 : 7c3420fb7e414742b12c491a305cef30 cnodeconnect


20160926 01:27:53 : b2f53804f7604c92c1a5fc678443917c cnodeconnect


20160926 02:31:50 : 3067c62969e301fd3a089cccdb320627 cnodeconnect


20160926 02:33:58 : 8a76a91bcde7737f7e689995a7a7a8dc cnodeconnect


20160926 02:37:12 : c3d16b6bdd6e774070b3e81cf3c09d99 cnodeconnect


20160926 03:08:22 : fbfcbc0353e5b72546983f75f82b718b cnodeconnect


20160926 03:09:29 : d9b77be9094d790af6fd73723f70a8c5 cnodeconnect


20160926 03:13:13 : 64165028ad7642293229fa8ced577b79 cnodeconnect


20160926 03:20:52 : 16643be2e041a8605bacec0b954d1291 cnodeconnect


20160926 03:25:22 : 24280dee7501f931f79d086a3680c397 cnodeconnect


20160926 03:31:31 : 8ff151cd0ef23408ebdc62db93cffe66 cnodeconnect


20160926 03:36:56 : 2b2d59849fba5c860ba999275261b00f cnodeconnect


20160926 03:48:38 : ea91962b34b0985dd66d12b6535e7cf0 cnodeconnect


20160926 04:00:39 : f8fa49c6e362f35896036708566227d4 cnodeconnect


20160926 04:01:00 : d96e483dc03ba1501bd47a38e1965848 cnodeconnect


20160926 04:10:10 : 282888402f0937472c8918a98004caca cnodeconnect


20160926 18:51:27 : 34f66841a185fa0aa62b3335e5aba998 cnodeconnect


20160927 00:09:01 : 34f66841a185fa0aa62b3335e5aba998 cnodeconnect


20160927 00:09:25 : 34f66841a185fa0aa62b3335e5aba998 cnodeconnect


20160927 01:14:47 : 32991848268ac7717cd27e0bf55ae2f8 cnodeconnect


20160927 01:52:54 : 4d03393fd8603d5a8b0c1926f923df2f cnodeconnect


20160927 03:01:41 : 62873c4ed721a15d5b62d7e2101d1116 cnodeconnect


20160927 03:01:54 : f41ad9578c4d100ac2d1ae065533465e cnodeconnect


20160927 03:02:09 : b04663165cd2e215c166a7b4ac273083 cnodeconnect


20160927 03:12:07 : f1a9113e3208ec1477ef5e67aa1fef23 cnodeconnect


20160927 03:55:24 : 74841822b4b06e9adb04d5093c210f52 cnodeconnect


20160927 03:56:11 : 9701ad7a0167b4118761264f3b864b50 cnodeconnect


20160927 03:58:02 : f8e370e5d9208e5dd126a898edd4b46d cnodeconnect


20160927 03:59:57 : b905e2b0a9cb3aaab31828ad7532335a cnodeconnect


20160927 05:32:46 : c5fcbc440f3f12e63bfa30d15eec5b8c cnodeconnect


20160927 05:32:58 : f8b9db8160aad34785ac35fc3ecc3ba4 cnodeconnect


20160927 19:13:13 : f2c1b7d6c6a3dd27bfb2cfa4cae31e59 cnodeconnect


20160927 20:44:08 : d44bef918edfb97361cebe645422bedc cnodeconnect


20160927 20:59:17 : 3727014aeb5c9d1299da10c6da3c3293 cnodeconnect


20160927 21:14:17 : 003b6f36828c54d201baf74394e0e75d cnodeconnect


20160927 22:50:26 : bf34e477b31c8d6c8981b205d3bb0239 cnodeconnect


20160927 22:56:33 : df30c10a370901d29d0a69e705495e8b cnodeconnect


20160927 23:01:25 : eb274149ca5d4ae19890b981d1ac4403 cnodeconnect


20160927 23:02:16 : 21c78009a6b55153df87461e62560b4d cnodeconnect


20160927 23:07:03 : baef3e0bc874b1f522d2876b9a14567a cnodeconnect


20160927 23:07:28 : 0799fff827a4dca20404bac42df51ac1 cnodeconnect


20160927 23:18:08 : 907269a8153ddf0c560145c11b98cb5e cnodeconnect


20160927 23:19:59 : fe00f52e8c3f86d82d4850ae8e63eb00 cnodeconnect


20160927 23:26:20 : 8db7cec8de1b9d6ebddf782dfabff6e8 cnodeconnect


20160927 23:35:08 : 7c820e4ef8a952b295b6d5484145bb5b cnodeconnect


20160927 23:37:58 : 5cd08f2dab5f5e31a05b6b4eb5656bdf cnodeconnect


20160927 23:38:05 : 3e389e0664611df527559446a17f398b cnodeconnect


20160927 23:56:46 : e1e9b93138dba2924f947c52e946f11e cnodeconnect


20160928 00:45:49 : 56e317dadc9aeaa64897fe53d7af7b7b cnodeconnect


20160928 00:46:12 : 4fc688c502fff0753af056ebeb427378 cnodeconnect


20160928 01:03:51 : b265a0cf8a95f3cc8dc48cac7893e9f9 cnodeconnect


20160928 01:06:36 : 0e242d3bbdee9e911674debd516bbaae cnodeconnect


20160928 01:08:09 : 38b5ceaf45b3773d51c71d11c336ce01 cnodeconnect


20160928 01:15:27 : aaceb1c4e841d552b9a4057b985288a4 cnodeconnect


20160928 01:22:37 : 9bcf7dd4d1d78ca77a4d9a46a9faeed7 cnodeconnect


20160928 01:36:26 : 87a150ded99388eb42647d6cdf4010a5 cnodeconnect


20160928 02:14:36 : efb2d72ad0af70216ed0f99147a4d828 cnodeconnect


20160928 02:17:52 : 0778aa5115705ea9e3a5ffcce0ba288d cnodeconnect


20160928 02:37:04 : 49ade45ea73494d2db9a860a0e090c0b cnodeconnect


20160928 02:44:08 : eaa7e206bc908909d7ea70019b1b9668 cnodeconnect


20160928 02:46:25 : 7ba89fffeb84da259bb7251102a29415 cnodeconnect


20160928 02:47:32 : 6bb2354e3653e26d27d97e4d7808af42 cnodeconnect


20160928 02:51:11 : b08b113f52f97fa0e5f1a5a0a7fbb193 cnodeconnect


20160928 02:57:14 : d720c66c66708a0bfac890cc916bf2f6 cnodeconnect


20160928 18:23:24 : 2c19eb28b5de7bebfb2fdf52519f7bb7 cnodeconnect


20160929 01:10:27 : 6d73eb34242fdc4b06d5afd8897cd346 cnodeconnect


20160929 01:43:34 : 418b932af97e5d3aa88716ce5f067f1d cnodeconnect


20160929 01:48:35 : 0143e4cf04b9b173d5f807cb3b5a1752 cnodeconnect


20160929 01:49:58 : 9ddb6aeefe57a7719a5646837a60b056 cnodeconnect


20160929 01:50:11 : 71ff81987ce703537bba092360a8dce4 cnodeconnect


20160929 02:21:33 : 39efde9d3f71a60d2bfd65a9ad4fc02f cnodeconnect


20160929 02:32:20 : 2fdfca0ffa06d7293c5cc0bb80428b07 cnodeconnect


20160929 02:34:12 : ea8eee36b85b18ac44be91d02e310e57 cnodeconnect


20160929 02:56:58 : cd6159db96644797b87643c4d2ee863c cnodeconnect


20160929 03:08:26 : 3365627bff78da373ded9825aacc71bf cnodeconnect


20160929 03:13:40 : 6fac50670e36a1d85c0415a4fbebeebd cnodeconnect


20160929 03:45:51 : 93f714f87c84d458d6f703c11d411a16 cnodeconnect


20160929 04:23:44 : c21be8ea68d4cbb2bc94a3c0a7e8ee7e cnodeconnect


20160929 20:24:30 : 80abd6d9877303798e6b4226b4d1b922 cnodeconnect


20160929 22:55:40 : 3430c53649af15284caf7a08f4e25147 cnodeconnect


20160929 23:53:17 : c2e19df9ec9fa5eb49e85931cedb5406 cnodeconnect


20160930 00:24:50 : b2649fca5db6251bd35bfb07341477dc cnodeconnect


20160930 01:10:05 : f600a3bfc43cdbc5113c2a6b3d14540d cnodeconnect


20161007 20:22:16 : 6378857e5f61feffb4ceffca6de65825 cnodeconnect


20161007 23:01:34 : acf6fdd440157f4352f09212196defc4 cnodeconnect


20161007 23:09:06 : 91b5a704398671579c85d4fd84f586dc cnodeconnect


20161007 23:59:01 : a51ea422e18e61b39fccd9de73b1774a cnodeconnect


20161008 18:35:41 : 4f20fc547d420bd60d5897724334d1fb cnodeconnect


20161008 18:37:11 : 5087bdfbe578d2ef8b6f08641299bfdf cnodeconnect


20161010 01:04:01 : 4c2c6b61fd7134d28a50616454b71263 cnodeconnect


20161010 01:04:19 : eb0f38e59f4f840ee1ee1382cfc0e8ae cnodeconnect


20161010 01:08:03 : 8e43b6a85d98ab6e6bee16435163c2f3 cnodeconnect


20161010 01:40:54 : 8a92d42f80c6ca71f70a6818725dd1f9 cnodeconnect


20161010 01:48:05 : 69fb60bcce4f2ca968092544c179de0b cnodeconnect


20161010 01:48:28 : 89a86cbcc4d7e7f67274673a81fafba5 cnodeconnect


20161010 01:57:45 : f1ca6608ad6c0d054b8fb7ff87eed61b cnodeconnect


20161010 02:07:52 : 0e74802ff4d34479e9158bfe1e3f7302 cnodeconnect


20161010 02:19:54 : f26534746d1f2d8b4a568c0047376690 cnodeconnect


20161010 18:51:29 : 126b0d240132421044ffd744e7b1520a cnodeconnect


20161010 18:57:53 : af8495c3f2ddc4d8972c58b355212f29 cnodeconnect


20161011 03:05:14 : 69d0ef73c2225ebb22f78b148fc34344 cnodeconnect


20161011 20:16:55 : 81dae1ecf62cfa1e9f90b35e05e9a7bf cnodeconnect


20161013 03:13:25 : a231e7c56e03f08c6eb4f20b81849fb9 cnodeconnect


20161013 19:21:27 : 20f17bccec21f9b754e00afee54e820d cnodeconnect


20161013 19:26:34 : 5844895af3a1e3710dda15ff89eec028 cnodeconnect


20161013 19:43:38 : 88073a28c43be7847ae0a073c88363eb cnodeconnect


20161013 20:27:26 : fe2c16a136680d4722dce1234b512627 cnodeconnect


20161013 20:39:10 : 3220d027f62186d16e722af629aee6e8 cnodeconnect


20161013 20:39:22 : c5e811243110b93de31835f98a8e100a cnodeconnect


20161017 01:22:44 : 1f42dc989914da9cd982a79d856eb693 cnodeconnect


20161017 02:29:06 : 3fb0f24ec0d0da1e95cb367dca4c6873 cnodeconnect


20161017 02:46:58 : b55e1be346d00bf37e98b54464e93867 cnodeconnect


20161019 02:59:12 : 5d4ef6ebdc515d8827b9bc9b0c0f08f9 cnodeconnect


20161019 03:10:09 : f24770f8b1fbd14d8c812412bc70fcdb cnodeconnect


20161019 03:10:31 : 23bd8dad2d81c4486ccd41974a56719f cnodeconnect


20161019 03:17:33 : ab52f852bd8121954d66f04faff2fcdc cnodeconnect


20161019 03:44:19 : 872590be8ab0e2d3f7f72f1a51110a1e cnodeconnect


20161019 03:46:06 : 38d821958c85d8e2e2684b5065ea8e3c cnodeconnect


20161019 23:26:04 : 4b6ccec68c73b7171f089a40a1998781 cnodeconnect


20161019 23:26:15 : 40118c32121e594754fa4d1136735a17 cnodeconnect


20161020 00:31:33 : da44100c48605834abe60014fa64dad5 cnodeconnect


20161020 00:31:52 : 9c5c63c70a38d8c6e9821875bdf17c18 cnodeconnect


20161020 00:50:51 : 82d735b47e67e10f20499a257deb0704 cnodeconnect


20161020 01:06:14 : 1ba2a0e0fb7d7006fb64a19107d379ee cnodeconnect


20161023 19:45:26 : e172d5a00b314b159457b84437202394 cnodeconnect


20161023 23:00:31 : ef3a340f333e97a5b0fc567a5babf65c cnodeconnect


20161023 23:34:52 : 8ff1f9d488f7f121160cbebca4deee15 cnodeconnect


20161023 23:35:06 : f9420a7a583f9d3cac033df5d59e6d67 cnodeconnect


20161024 00:07:22 : 44bab0bba189bb6faafda7fbd3523b84 cnodeconnect


20161024 01:00:13 : 3e6191b1b4a93d4ef9234f8e65f09465 cnodeconnect


20161024 01:14:39 : 4bd81126dbbd17d2c88be383e2982f45 cnodeconnect


20161024 01:25:39 : d7f5518f801fc8b1da66f4b742e7cba5 cnodeconnect


20161024 01:36:24 : 44754c15124490d96d2ba96729777aef cnodeconnect


20161024 01:37:12 : 187d16cdfb38d70ca496a8dddd0411b6 cnodeconnect


20161024 01:41:56 : 7b019b02cad219730c43d93f36a6df9c cnodeconnect


20161024 01:49:32 : b4d427f8c94251df49e321a390e85e4a cnodeconnect


20161024 01:55:25 : 5cb395dfddee0ae803743dbb333fbae5 cnodeconnect


20161024 01:55:42 : 916436262f56a378692d01cf9026fac0 cnodeconnect


20161024 02:13:52 : e6226fc4088f237dca6dd51e75bdba43 cnodeconnect


20161024 20:34:26 : f2bbc9fdd109fdf5b9be21929641032a cnodeconnect


20161024 23:26:28 : a2a7addf89305846acbc047107c912f9 cnodeconnect


20161024 23:43:35 : afd731800b226e8e2a98ea57ef979930 cnodeconnect


20161024 23:44:00 : 570dbe080dd2d8fdccff3581e7b0eceb cnodeconnect


20161024 23:48:54 : 1c672cd27f7367009efe876a65058668 cnodeconnect


20161024 23:49:27 : 7659fb04a8d517165c61cfe34971575a cnodeconnect


20161024 23:55:05 : e1dd96f0dd395cfbd62d7721065ddb39 cnodeconnect


20161025 00:21:09 : 6fd5e76f59aebdcd1567ed7270d55694 cnodeconnect


20161025 00:21:29 : a00a73b91cd63e34b1678327a247fe8f cnodeconnect


20161025 01:28:13 : 22e079dcabd7e34ef8fad36f5578340e cnodeconnect


20161025 01:38:46 : 2d7504fa6ba56845c0de6506b96abeee cnodeconnect


20161025 01:45:07 : 103a5edb9f44d658fc5b6fa3eaa67f7d cnodeconnect


20161027 01:19:42 : 5c5d5935c44577cf4cef40e488fb4f38 cnodeconnect


